// Jest Snapshot v1, https://goo.gl/fbAQLP

exports[`GifItem.test should match snapshot 1`] = `
<div>
  <div
    class="card"
  >
    <img
      alt="title"
      src="https://example.com/image.gif"
    />
    <p>
      title
    </p>
  </div>
</div>
`;
